// Jest Snapshot v1, https://goo.gl/fbAQLP

exports[`Loading should render correctly given the required props 1`] = `
<SpinnerDiv>
  <SpinnerDoubleBounceDiv />
  <SpinnerDoubleBounceDiv />
</SpinnerDiv>
`;
